
module ifaddrs [system] [extern_c] {
    header "/Applications/Xcode.app/Contents/Developer/Platforms/MacOSX.platform/Developer/SDKs/MacOSX10.11.sdk/usr/include/ifaddrs.h"
    export *
}

    /*module Csocket [system] {
        header "/Applications/Xcode.app/Contents/Developer/Platforms/iPhoneOS.platform/Developer/SDKs/iPhoneOS.sdk/usr/include/sys/socket.h"
        export *
    }
     module socket [system] {
     header "/Applications/Xcode.app/Contents/Developer/Platforms/MacOSX.platform/Developer/SDKs/MacOSX10.11.sdk/usr/include/sys/socket.h"
     export *
     }
     module unistd [system] {
     header "/Applications/Xcode.app/Contents/Developer/Platforms/MacOSX.platform/Developer/SDKs/MacOSX10.11.sdk/usr/include/unistd.h"
     export *
     }

    module Csys_types [system] {
        header "/Applications/Xcode.app/Contents/Developer/Platforms/iPhoneOS.platform/Developer/SDKs/iPhoneOS.sdk/usr/include/sys/types.h"
        export *
    }
    module Cunistd [system] {
        header "/Applications/Xcode.app/Contents/Developer/Platforms/iPhoneOS.platform/Developer/SDKs/iPhoneOS.sdk/usr/include/unistd.h"
        export *
    }
    module Cfcntl [system] {
        header "/Applications/Xcode.app/Contents/Developer/Platforms/iPhoneOS.platform/Developer/SDKs/iPhoneOS.sdk/usr/include/fcntl.h"
        export *
    }
    
    
    module Cnet_in [system] {
        header "/Applications/Xcode.app/Contents/Developer/Platforms/iPhoneOS.platform/Developer/SDKs/iPhoneOS.sdk/usr/include/netinet/in.h"
        export *
    }*/
